******************************************************************************
                  TI ARM Linker PC v20.2.7                     
******************************************************************************
>> Linked Sun Aug 25 14:36:36 2024

OUTPUT FILE NAME:   <AUTOSAR_Project.out>
ENTRY POINT SYMBOL: "_c_int00_noargs"  address: 00001de1


MEMORY CONFIGURATION

         name            origin    length      used     unused   attr    fill
----------------------  --------  ---------  --------  --------  ----  --------
  FLASH                 00000000   00040000  00001ece  0003e132  R  X
  SRAM                  20000000   00008000  00000234  00007dcc  RW X


SEGMENT ALLOCATION MAP

run origin  load origin   length   init length attrs members
----------  ----------- ---------- ----------- ----- -------
00000000    00000000    00001ed0   00001ed0    r-x
  00000000    00000000    0000026c   0000026c    r-- .intvecs
  0000026c    0000026c    00001c26   00001c26    r-x .text
  00001e92    00001e92    00000004   00000004    r-- .const
  00001e98    00001e98    00000038   00000038    r-- .cinit
20000000    20000000    00000234   00000000    rw-
  20000000    20000000    00000200   00000000    rw- .stack
  20000200    20000200    0000001c   00000000    rw- .bss
  2000021c    2000021c    00000018   00000000    rw- .data


SECTION ALLOCATION MAP

 output                                  attributes/
section   page    origin      length       input sections
--------  ----  ----------  ----------   ----------------
.intvecs   0    00000000    0000026c     
                  00000000    0000026c     tm4c123gh6pm_startup_ccs.obj (.intvecs)

.text      0    0000026c    00001c26     
                  0000026c    00001428     Port.obj (.text)
                  00001694    0000030c     Dio.obj (.text)
                  000019a0    000000dc     Button.obj (.text)
                  00001a7c    000000a8     Os.obj (.text)
                  00001b24    000000a0     Led.obj (.text)
                  00001bc4    0000009c     rtsv7M4_T_le_v4SPD16_eabi.lib : memcpy_t2.asm.obj (.text)
                  00001c60    0000007c     Gpt.obj (.text)
                  00001cdc    00000068     rtsv7M4_T_le_v4SPD16_eabi.lib : copy_decompress_lzss.c.obj (.text:decompress:lzss:__TI_decompress_lzss)
                  00001d44    00000058     App.obj (.text)
                  00001d9c    00000044     rtsv7M4_T_le_v4SPD16_eabi.lib : autoinit.c.obj (.text:__TI_auto_init_nobinit_nopinit:__TI_auto_init_nobinit_nopinit)
                  00001de0    00000034                                   : boot_cortex_m.c.obj (.text:_c_int00_noargs:_c_int00_noargs)
                  00001e14    00000020     Mcu.obj (.text)
                  00001e34    0000001c     rtsv7M4_T_le_v4SPD16_eabi.lib : copy_zero_init.c.obj (.text:decompress:ZI:__TI_zero_init_nomemset:__TI_zero_init_nomemset)
                  00001e50    00000016     Det.obj (.text)
                  00001e66    0000000e     rtsv7M4_T_le_v4SPD16_eabi.lib : copy_decompress_none.c.obj (.text:decompress:none:__TI_decompress_none)
                  00001e74    0000000c     tm4c123gh6pm_startup_ccs.obj (.text)
                  00001e80    0000000a     main.obj (.text)
                  00001e8a    00000004     rtsv7M4_T_le_v4SPD16_eabi.lib : pre_init.c.obj (.text:_system_pre_init)
                  00001e8e    00000004                                   : exit.c.obj (.text:abort:abort)

.const     0    00001e92    00000004     
                  00001e92    00000004     Dio_PBcfg.obj (.const:Dio_Configuration)

.cinit     0    00001e98    00000038     
                  00001e98    00000011     (.cinit..data.load) [load image, compression = lzss]
                  00001ea9    00000003     --HOLE-- [fill = 0]
                  00001eac    0000000c     (__TI_handler_table)
                  00001eb8    00000008     (.cinit..bss.load) [load image, compression = zero_init]
                  00001ec0    00000010     (__TI_cinit_table)

.init_array 
*          0    00000000    00000000     UNINITIALIZED

.bss       0    20000200    0000001c     UNINITIALIZED
                  20000200    0000000c     (.common:Port_AllowedModes)
                  2000020c    00000008     Button.obj (.bss:g_Button_Config)
                  20000214    00000008     Led.obj (.bss:g_LED_Config)

.data      0    2000021c    00000018     UNINITIALIZED
                  2000021c    00000008     Port.obj (.data)
                  20000224    00000005     Dio.obj (.data)
                  20000229    00000003     Button.obj (.data)
                  2000022c    00000004     Gpt.obj (.data)
                  20000230    00000002     App.obj (.data)
                  20000232    00000002     Os.obj (.data)

.stack     0    20000000    00000200     UNINITIALIZED
                  20000000    00000004     rtsv7M4_T_le_v4SPD16_eabi.lib : boot_cortex_m.c.obj (.stack)
                  20000004    000001fc     --HOLE--

__llvm_prf_cnts 
*          0    20000000    00000000     UNINITIALIZED

MODULE SUMMARY

       Module                         code   ro data   rw data
       ------                         ----   -------   -------
    .\
       Port.obj                       5160   0         20     
       Dio.obj                        780    0         5      
       tm4c123gh6pm_startup_ccs.obj   12     620       0      
       Button.obj                     220    0         11     
       Os.obj                         168    0         2      
       Led.obj                        160    0         8      
       Gpt.obj                        124    0         4      
       App.obj                        88     0         2      
       Mcu.obj                        32     0         0      
       Det.obj                        22     0         0      
       main.obj                       10     0         0      
       Dio_PBcfg.obj                  0      4         0      
    +--+------------------------------+------+---------+---------+
       Total:                         6776   624       52     
                                                              
    C:\ti\ccs1271\ccs\tools\compiler\ti-cgt-arm_20.2.7.LTS\lib\rtsv7M4_T_le_v4SPD16_eabi.lib
       memcpy_t2.asm.obj              156    0         0      
       copy_decompress_lzss.c.obj     104    0         0      
       autoinit.c.obj                 68     0         0      
       boot_cortex_m.c.obj            52     0         0      
       copy_zero_init.c.obj           28     0         0      
       copy_decompress_none.c.obj     14     0         0      
       exit.c.obj                     4      0         0      
       pre_init.c.obj                 4      0         0      
    +--+------------------------------+------+---------+---------+
       Total:                         430    0         0      
                                                              
       Stack:                         0      0         512    
       Linker Generated:              0      53        0      
    +--+------------------------------+------+---------+---------+
       Grand Total:                   7206   677       564    


LINKER GENERATED COPY TABLES

__TI_cinit_table @ 00001ec0 records: 2, size/record: 8, table size: 16
	.data: load addr=00001e98, load size=00000011 bytes, run addr=2000021c, run size=00000018 bytes, compression=lzss
	.bss: load addr=00001eb8, load size=00000008 bytes, run addr=20000200, run size=0000001c bytes, compression=zero_init


LINKER GENERATED HANDLER TABLE

__TI_handler_table @ 00001eac records: 3, size/record: 4, table size: 12
	index: 0, handler: __TI_decompress_lzss
	index: 1, handler: __TI_decompress_none
	index: 2, handler: __TI_zero_init


GLOBAL SYMBOLS: SORTED ALPHABETICALLY BY Name 

address   name                          
-------   ----                          
00001d6b  App_Task                      
000019e1  Button_GetState               
000019d3  Button_Init                   
000019e7  Button_RefreshState           
00001d5b  Button_Task                   
00001e8f  C$$EXIT                       
00001e51  Det_ReportError               
00001e92  Dio_Configuration             
00001873  Dio_FlipChannel               
00001695  Dio_Init                      
00001799  Dio_ReadChannel               
000016b9  Dio_WriteChannel              
00001d45  Init_Task                     
00001b57  Led_Init                      
00001b7d  Led_RefreshOutput             
00001b71  Led_SetOff                    
00001b65  Led_SetOn                     
00001d63  Led_Task                      
00001b95  Led_Toggle                    
00001e15  Mcu_Init                      
00001a97  Os_NewTimerTick               
00001aa7  Os_Scheduler                  
00001a7d  Os_start                      
20000200  Port_AllowedModes             
00000e79  Port_GetVersionInfo           
0000026d  Port_Init                     
00000d5b  Port_RefreshPortDirection     
00000c4d  Port_SetPinDirection          
00000ed5  Port_SetPinMode               
00001e75  ResetISR                      
00001c61  SysTick_Handler               
00001cb9  SysTick_SetCallBack           
00001c71  SysTick_Start                 
00001cb1  SysTick_Stop                  
20000200  __STACK_END                   
00000200  __STACK_SIZE                  
20000200  __STACK_TOP                   
00001ec0  __TI_CINIT_Base               
00001ed0  __TI_CINIT_Limit              
00001eac  __TI_Handler_Table_Base       
00001eb8  __TI_Handler_Table_Limit      
00001d9d  __TI_auto_init_nobinit_nopinit
00001cdd  __TI_decompress_lzss          
00001e67  __TI_decompress_none          
ffffffff  __TI_pprof_out_hndl           
ffffffff  __TI_prof_data_size           
ffffffff  __TI_prof_data_start          
00000000  __TI_static_base__            
00001e35  __TI_zero_init_nomemset       
00001bc5  __aeabi_memcpy                
00001bc5  __aeabi_memcpy4               
00001bc5  __aeabi_memcpy8               
ffffffff  __binit__                     
ffffffff  __c_args__                    
UNDEFED   __mpu_init                    
20000000  __stack                       
20000000  __start___llvm_prf_cnts       
20000000  __stop___llvm_prf_cnts        
00001de1  _c_int00_noargs               
UNDEFED   _system_post_cinit            
00001e8b  _system_pre_init              
00001e8f  abort                         
ffffffff  binit                         
00000000  g_pfnVectors                  
00001e81  main                          
00001bc5  memcpy                        


GLOBAL SYMBOLS: SORTED BY Symbol Address 

address   name                          
-------   ----                          
00000000  __TI_static_base__            
00000000  g_pfnVectors                  
00000200  __STACK_SIZE                  
0000026d  Port_Init                     
00000c4d  Port_SetPinDirection          
00000d5b  Port_RefreshPortDirection     
00000e79  Port_GetVersionInfo           
00000ed5  Port_SetPinMode               
00001695  Dio_Init                      
000016b9  Dio_WriteChannel              
00001799  Dio_ReadChannel               
00001873  Dio_FlipChannel               
000019d3  Button_Init                   
000019e1  Button_GetState               
000019e7  Button_RefreshState           
00001a7d  Os_start                      
00001a97  Os_NewTimerTick               
00001aa7  Os_Scheduler                  
00001b57  Led_Init                      
00001b65  Led_SetOn                     
00001b71  Led_SetOff                    
00001b7d  Led_RefreshOutput             
00001b95  Led_Toggle                    
00001bc5  __aeabi_memcpy                
00001bc5  __aeabi_memcpy4               
00001bc5  __aeabi_memcpy8               
00001bc5  memcpy                        
00001c61  SysTick_Handler               
00001c71  SysTick_Start                 
00001cb1  SysTick_Stop                  
00001cb9  SysTick_SetCallBack           
00001cdd  __TI_decompress_lzss          
00001d45  Init_Task                     
00001d5b  Button_Task                   
00001d63  Led_Task                      
00001d6b  App_Task                      
00001d9d  __TI_auto_init_nobinit_nopinit
00001de1  _c_int00_noargs               
00001e15  Mcu_Init                      
00001e35  __TI_zero_init_nomemset       
00001e51  Det_ReportError               
00001e67  __TI_decompress_none          
00001e75  ResetISR                      
00001e81  main                          
00001e8b  _system_pre_init              
00001e8f  C$$EXIT                       
00001e8f  abort                         
00001e92  Dio_Configuration             
00001eac  __TI_Handler_Table_Base       
00001eb8  __TI_Handler_Table_Limit      
00001ec0  __TI_CINIT_Base               
00001ed0  __TI_CINIT_Limit              
20000000  __stack                       
20000000  __start___llvm_prf_cnts       
20000000  __stop___llvm_prf_cnts        
20000200  Port_AllowedModes             
20000200  __STACK_END                   
20000200  __STACK_TOP                   
ffffffff  __TI_pprof_out_hndl           
ffffffff  __TI_prof_data_size           
ffffffff  __TI_prof_data_start          
ffffffff  __binit__                     
ffffffff  __c_args__                    
ffffffff  binit                         
UNDEFED   __mpu_init                    
UNDEFED   _system_post_cinit            

[66 symbols]
